>>> Q = open("../../qg09py").read()
>>> import imp, os
>>> module = imp.new_module("qg09")
>>> exec Q in module.__dict__

>>> # ---- Build env end, TEST Check_time_string  ----

>>> module.Check_time_string("17:00:00") == "17:00:00"
True

>>> module.Check_time_string("1700:00")
Traceback (most recent call last):
ArgumentTypeError: '1700:00' does not fit format: hh:mm:ss

>>> module.Check_time_string("78:a0:00")
Traceback (most recent call last):
ArgumentTypeError: '78:a0:00' does not fit format: hh:mm:ss

>>> # ---- TEST Check_mem_string  ----

>>> 0 == module.Check_mem_string("65536")
<BLANKLINE>
!! WARNING: Memory is smaller than 256MB !!
<BLANKLINE>
True

>>> 255 == module.Check_mem_string("255M")
<BLANKLINE>
!! WARNING: Memory is smaller than 256MB !!
<BLANKLINE>
True

>>> 256 == module.Check_mem_string("256M")
True

>>> 65536 == module.Check_mem_string("65536MB")
True

>>> 1024 == module.Check_mem_string("1g")
True

>>> 1024 == module.Check_mem_string("1048576k")
True

>>> 1126 == module.Check_mem_string("1.1g")
True

>>> # ---- TEST Check_scr_string  ----

>>> module.Defaults["Scratch_maps"] = {"local": "LOCAL_TEST_PATH", "z": "Z_TEST_PATH"}
>>> module.Check_scr_string("local") == "LOCAL_TEST_PATH"
True
>>> module.Check_scr_string("z") == "Z_TEST_PATH"
True

>>> tmp = module.Check_scr_string(".")
<BLANKLINE>
!! WARNING: you are using scratch ... Please ensure what you are doing !!
<BLANKLINE>
>>> os.path.abspath(tmp) and os.path.exists(tmp)
True

>>> # ---- TEST Check_gau_inp  ----

>>> module.Check_gau_inp("../../qg09py") == "../../qg09py"
True

>>> module.Check_gau_inp("./DIR_NOT_EXIST./;ds") 
Traceback (most recent call last):
ArgumentTypeError: Gaussian input file ... does not exist!

